---
source: tests/core/spec.rs
expression: formatter
---
schema @server @upstream {
  query: Query
}

type Query {
  hello: String! @http(url: "http://api.com/")
}
