---
source: tests/core/spec.rs
expression: formatter
---
schema @server @upstream {
  query: Query
}

type Query {
  addUsers(userNames: [[String!]!]!): Boolean
    @graphQL(args: [{key: "userNames", value: "{{.args.userNames}}"}], url: "http://upstream/graphql", name: "addUsers")
  userGroups: [[User!]!]! @graphQL(url: "http://upstream/graphql", name: "users")
}

type User {
  accountRef: String! @expr(body: "ref-{{.value.id}}-{{.value.name}}")
  id: ID!
  name: String!
}
