---
source: tests/core/spec.rs
expression: formatter
---
schema @server @upstream {
  query: Query
}

input LocationInput {
  lat: Int!
  lon: Int!
}

type Location {
  lat: Int!
  lon: Int!
}

type Point {
  id: ID!
  location: Location
  name: String!
}

type Query {
  nearby(location: LocationInput): Point
    @graphQL(args: [{key: "location", value: "{{.args.location}}"}], url: "http://upstream/graphql", name: "nearby")
}
