---
source: tests/core/spec.rs
expression: formatter
---
schema @server @upstream {
  query: Query
}

type Query {
  user(id: ID!): User! @http(url: "http://upstream/user", query: [{key: "id", value: "{{.args.id}}"}])
}

type User {
  dob: String!
  id: ID!
  name: String!
}
