---
source: tests/core/spec.rs
expression: formatted
---
input Bar {
  fizz: String!
  sun: Sun!
}

scalar Bytes

scalar Date

scalar Email

scalar Empty

type Foo {
  alpha: String!
  beta: String!
  id: Int!
}

scalar Int128

scalar Int16

scalar Int32

scalar Int64

scalar Int8

scalar JSON

scalar PhoneNumber

type Query {
  foo(extra_input: Bar, input: Bar): [Foo]!
}

input Sun {
  planets: String!
  rocks: String
}

scalar UInt128

scalar UInt16

scalar UInt32

scalar UInt64

scalar UInt8

scalar Url

schema {
  query: Query
}
