---
source: tests/core/spec.rs
expression: formatter
---
schema @server @upstream {
  query: Query
}

type Query {
  me: User! @graphQL(url: "http://upstream/graphql", name: "me")
}

type User {
  birthday: Date
  id: String
  name: String
}
