---
source: tests/core/spec.rs
expression: formatter
---
schema @server @upstream {
  query: Query
}

type Query {
  user(id: ID!): User!
    @graphQL(args: [{key: "id", value: "{{.args.id}}"}], url: "http://upstream/graphql", name: "user")
}

type User {
  city: String
  id: ID!
  name: String!
}
