---
source: tests/core/spec.rs
expression: formatter
---
schema
  @server
  @upstream(batch: {delay: 10, headers: []}, httpCache: 42)
  @link(src: "config.yml", type: Config)
  @link(id: "news", src: "news.proto", type: Protobuf) {
  query: Query
}

input NewsId {
  id: Int
}

input NewsInput {
  body: String
  id: Int
  postImage: String
  title: String
}

type Mutation {
  deleteNews(news: NewsId!): Empty!
    @grpc(url: "http://localhost:50051", body: "{{.args.news}}", method: "news.NewsService.DeleteNews")
}

type News {
  body: String
  id: Int
  postImage: String
  title: String
}

type NewsData {
  news: [News]
}

type Query {
  news: NewsData! @grpc(url: "http://localhost:50051", method: "news.NewsService.GetAllNews")
  newsById(news: NewsInput!): News!
    @grpc(url: "http://localhost:50051", body: "{{.args.news}}", method: "news.NewsService.GetNews")
}
