---
source: tests/core/spec.rs
expression: formatter
---
schema @server(routes: {status: "/health", graphQL: "/tailcall-gql"}) @upstream @link(src: "config.yml", type: Config) {
  query: Query
}

type Query {
  users: [User] @http(url: "http://jsonplaceholder.typicode.com/users")
}

type User {
  name: String
}
