---
source: tests/core/spec.rs
expression: formatted
---
scalar Bytes

scalar Date

scalar DateTime

scalar Email

scalar Empty

scalar Int128

scalar Int16

scalar Int32

scalar Int64

scalar Int8

scalar JSON

union Node = Page | User

type Page {
  id: ID!
  slug: String!
}

scalar PhoneNumber

type Query {
  nodes: Node
}

scalar UInt128

scalar UInt16

scalar UInt32

scalar UInt64

scalar UInt8

scalar Url

type User {
  id: ID!
  username: String!
}

schema {
  query: Query
}
