---
source: tests/core/spec.rs
expression: formatter
---
schema
  @server(vars: [{key: "a", value: "b"}, {key: "c", value: "d"}, {key: "p", value: "q"}])
  @upstream
  @link(src: "config-a.yml", type: Config)
  @link(src: "config-b.yml", type: Config) {
  query: Query
}

type Query {
  hello: String @expr(body: "world")
}
