---
source: tests/core/spec.rs
expression: formatter
---
schema
  @server
  @upstream(batch: {delay: 5, headers: ["a", "b", "c"], maxSize: 100})
  @link(src: "config-a.yml", type: Config)
  @link(src: "config-b.yml", type: Config) {
  query: Query
}

type Query {
  hello: String @expr(body: "world")
}
