---
source: tests/core/spec.rs
expression: errors
---
[
  {
    "message": "Query type is not defined",
    "trace": [
      "Query"
    ],
    "description": null
  }
]
