---
source: tests/core/spec.rs
expression: formatter
---
schema @server @upstream(proxy: {url: "http://localhost:8000"}) @link(src: "config.yml", type: Config) {
  query: Query
}

type Query {
  hello: String @expr(body: "world")
  hi: String @expr(body: "world")
}
