---
source: tests/core/spec.rs
expression: formatter
---
schema @server @upstream(allowedHeaders: ["X-bar", "x-foo"]) @link(src: "config.yml", type: Config) {
  query: Query
}

type Post {
  id: Int
}

type Query {
  posts: [Post] @http(url: "http://jsonplaceholder.typicode.com/posts")
}
