---
source: tests/core/spec.rs
expression: formatter
---
schema @server(port: 8030) @upstream(baseURL: "https://example.com/") {
  query: Query
}

union Foo = Buzz | Fizz | Hazz

type Buzz {
  spam: Spam
  uuid: String!
}

type Fizz {
  id: Int!
}

type Hazz {
  uuid: String!
}

type Query {
  data: [Foo!]!
    @expr(
      body: [
        {id: 1, type: "Fizz"}
        {uuid: "hazz-1", type: "Hazz"}
        {uuid: "buzz-1", type: "Buzz", spam: {identifier: 1}}
        {uuid: "buzz-2", type: "Buzz", spam: {identifier: 2}}
        {uuid: "buzz-3", type: "Buzz", spam: {identifier: 3}}
      ]
    )
}

type Spam {
  identifier: Int!
  value: String! @http(path: "/spam", query: [{key: "identifier", value: "{{.value.identifier}}"}])
}
